SQL> clear scr;
SQL> his
SP2-0042: unknown command "his" - rest of line ignored.
SQL> clear scr;
SQL> create or replace view emp_view as
  2  select empno, ename, job, deptno
  3  from emp
  4  where deptno = 20;

View created.

SQL> select * from tab;

TNAME                          TABTYPE  CLUSTERID                                                   
------------------------------ ------- ----------                                                   
A_V_P_CUSTVIEW_HOLD_PT_LABEL   TABLE                                                                
BIN$R9gVz8CMWQjgUAB/AQBlcQ==$0 TABLE                                                                
BONUS                          TABLE                                                                
DEPT                           TABLE                                                                
DEPT2                          TABLE                                                                
DEPT3                          TABLE                                                                
DEPT_LOG                       TABLE                                                                
E2                             TABLE                                                                
EMP                            TABLE                                                                
EMP_VIEW                       VIEW                                                                 
EMP_VIEW_READONLY              VIEW                                                                 

TNAME                          TABTYPE  CLUSTERID                                                   
------------------------------ ------- ----------                                                   
NEWAVGSAL                      TABLE                                                                
O_V_P_REMIND_INIT_RULE         TABLE                                                                
PLSQL_PROFILER_DATA            TABLE                                                                
PLSQL_PROFILER_RUNS            TABLE                                                                
PLSQL_PROFILER_UNITS           TABLE                                                                
SALGRADE                       TABLE                                                                
STUDENTS                       TABLE                                                                
T                              TABLE                                                                
TESTA                          TABLE                                                                
TEST_TABLE                     TABLE                                                                
WKHISTORYDATA                  TABLE                                                                

22 rows selected.

SQL> select * from emp_view;

EMPNO ENAME      JOB           DEPTNO                                                               
----- ---------- --------- ----------                                                               
 7369 SMITH      CLERK             20                                                               
 7566 JONES      MANAGER           20                                                               
 7788 SCOTT      ANALYST           20                                                               
 7876 ADAMS      CLERK             20                                                               
 7902 FORD       ANALYST           20                                                               

SQL> select * from user_view;
select * from user_view
              *
ERROR at line 1:
ORA-00942: table or view does not exist 


SQL> show user_view;
USER is "SCOTT"
SP2-0158: unknown SHOW option "_view"
SQL> help user_views
SP2-0172: No HELP matching this topic was found.
SQL> show user_views;
USER is "SCOTT"
SP2-0158: unknown SHOW option "_views"
SQL> select * from user_views;

VIEW_NAME                      TEXT_LENGTH                                                          
------------------------------ -----------                                                          
TEXT                                                                             TYPE_TEXT_LENGTH   
-------------------------------------------------------------------------------- ----------------   
TYPE_TEXT                                                                                           
----------------------------------------------------------------------------------------------------
OID_TEXT_LENGTH                                                                                     
---------------                                                                                     
OID_TEXT                                                                                            
----------------------------------------------------------------------------------------------------
VIEW_TYPE_OWNER                VIEW_TYPE                      SUPERVIEW_NAME                 E R    
------------------------------ ------------------------------ ------------------------------ - -    
EMP_VIEW                                59                                                          

VIEW_NAME                      TEXT_LENGTH                                                          
------------------------------ -----------                                                          
TEXT                                                                             TYPE_TEXT_LENGTH   
-------------------------------------------------------------------------------- ----------------   
TYPE_TEXT                                                                                           
----------------------------------------------------------------------------------------------------
OID_TEXT_LENGTH                                                                                     
---------------                                                                                     
OID_TEXT                                                                                            
----------------------------------------------------------------------------------------------------
VIEW_TYPE_OWNER                VIEW_TYPE                      SUPERVIEW_NAME                 E R    
------------------------------ ------------------------------ ------------------------------ - -    
select empno, ename, job, deptno                                                                    

VIEW_NAME                      TEXT_LENGTH                                                          
------------------------------ -----------                                                          
TEXT                                                                             TYPE_TEXT_LENGTH   
-------------------------------------------------------------------------------- ----------------   
TYPE_TEXT                                                                                           
----------------------------------------------------------------------------------------------------
OID_TEXT_LENGTH                                                                                     
---------------                                                                                     
OID_TEXT                                                                                            
----------------------------------------------------------------------------------------------------
VIEW_TYPE_OWNER                VIEW_TYPE                      SUPERVIEW_NAME                 E R    
------------------------------ ------------------------------ ------------------------------ - -    
from emp                                                                                            

VIEW_NAME                      TEXT_LENGTH                                                          
------------------------------ -----------                                                          
TEXT                                                                             TYPE_TEXT_LENGTH   
-------------------------------------------------------------------------------- ----------------   
TYPE_TEXT                                                                                           
----------------------------------------------------------------------------------------------------
OID_TEXT_LENGTH                                                                                     
---------------                                                                                     
OID_TEXT                                                                                            
----------------------------------------------------------------------------------------------------
VIEW_TYPE_OWNER                VIEW_TYPE                      SUPERVIEW_NAME                 E R    
------------------------------ ------------------------------ ------------------------------ - -    
where deptno = 20                                                                                   

VIEW_NAME                      TEXT_LENGTH                                                          
------------------------------ -----------                                                          
TEXT                                                                             TYPE_TEXT_LENGTH   
-------------------------------------------------------------------------------- ----------------   
TYPE_TEXT                                                                                           
----------------------------------------------------------------------------------------------------
OID_TEXT_LENGTH                                                                                     
---------------                                                                                     
OID_TEXT                                                                                            
----------------------------------------------------------------------------------------------------
VIEW_TYPE_OWNER                VIEW_TYPE                      SUPERVIEW_NAME                 E R    
------------------------------ ------------------------------ ------------------------------ - -    
                                                                                                    

VIEW_NAME                      TEXT_LENGTH                                                          
------------------------------ -----------                                                          
TEXT                                                                             TYPE_TEXT_LENGTH   
-------------------------------------------------------------------------------- ----------------   
TYPE_TEXT                                                                                           
----------------------------------------------------------------------------------------------------
OID_TEXT_LENGTH                                                                                     
---------------                                                                                     
OID_TEXT                                                                                            
----------------------------------------------------------------------------------------------------
VIEW_TYPE_OWNER                VIEW_TYPE                      SUPERVIEW_NAME                 E R    
------------------------------ ------------------------------ ------------------------------ - -    
                                                                                                    

VIEW_NAME                      TEXT_LENGTH                                                          
------------------------------ -----------                                                          
TEXT                                                                             TYPE_TEXT_LENGTH   
-------------------------------------------------------------------------------- ----------------   
TYPE_TEXT                                                                                           
----------------------------------------------------------------------------------------------------
OID_TEXT_LENGTH                                                                                     
---------------                                                                                     
OID_TEXT                                                                                            
----------------------------------------------------------------------------------------------------
VIEW_TYPE_OWNER                VIEW_TYPE                      SUPERVIEW_NAME                 E R    
------------------------------ ------------------------------ ------------------------------ - -    
                                                                                                    

VIEW_NAME                      TEXT_LENGTH                                                          
------------------------------ -----------                                                          
TEXT                                                                             TYPE_TEXT_LENGTH   
-------------------------------------------------------------------------------- ----------------   
TYPE_TEXT                                                                                           
----------------------------------------------------------------------------------------------------
OID_TEXT_LENGTH                                                                                     
---------------                                                                                     
OID_TEXT                                                                                            
----------------------------------------------------------------------------------------------------
VIEW_TYPE_OWNER                VIEW_TYPE                      SUPERVIEW_NAME                 E R    
------------------------------ ------------------------------ ------------------------------ - -    
                                                                                             N N    

VIEW_NAME                      TEXT_LENGTH                                                          
------------------------------ -----------                                                          
TEXT                                                                             TYPE_TEXT_LENGTH   
-------------------------------------------------------------------------------- ----------------   
TYPE_TEXT                                                                                           
----------------------------------------------------------------------------------------------------
OID_TEXT_LENGTH                                                                                     
---------------                                                                                     
OID_TEXT                                                                                            
----------------------------------------------------------------------------------------------------
VIEW_TYPE_OWNER                VIEW_TYPE                      SUPERVIEW_NAME                 E R    
------------------------------ ------------------------------ ------------------------------ - -    
                                                                                                    

VIEW_NAME                      TEXT_LENGTH                                                          
------------------------------ -----------                                                          
TEXT                                                                             TYPE_TEXT_LENGTH   
-------------------------------------------------------------------------------- ----------------   
TYPE_TEXT                                                                                           
----------------------------------------------------------------------------------------------------
OID_TEXT_LENGTH                                                                                     
---------------                                                                                     
OID_TEXT                                                                                            
----------------------------------------------------------------------------------------------------
VIEW_TYPE_OWNER                VIEW_TYPE                      SUPERVIEW_NAME                 E R    
------------------------------ ------------------------------ ------------------------------ - -    
EMP_VIEW_READONLY                       73                                                          

VIEW_NAME                      TEXT_LENGTH                                                          
------------------------------ -----------                                                          
TEXT                                                                             TYPE_TEXT_LENGTH   
-------------------------------------------------------------------------------- ----------------   
TYPE_TEXT                                                                                           
----------------------------------------------------------------------------------------------------
OID_TEXT_LENGTH                                                                                     
---------------                                                                                     
OID_TEXT                                                                                            
----------------------------------------------------------------------------------------------------
VIEW_TYPE_OWNER                VIEW_TYPE                      SUPERVIEW_NAME                 E R    
------------------------------ ------------------------------ ------------------------------ - -    
select "DEPTNO","DNAME","LOC" from dept where deptno !=88 with read only                            

VIEW_NAME                      TEXT_LENGTH                                                          
------------------------------ -----------                                                          
TEXT                                                                             TYPE_TEXT_LENGTH   
-------------------------------------------------------------------------------- ----------------   
TYPE_TEXT                                                                                           
----------------------------------------------------------------------------------------------------
OID_TEXT_LENGTH                                                                                     
---------------                                                                                     
OID_TEXT                                                                                            
----------------------------------------------------------------------------------------------------
VIEW_TYPE_OWNER                VIEW_TYPE                      SUPERVIEW_NAME                 E R    
------------------------------ ------------------------------ ------------------------------ - -    
                                                                                                    

VIEW_NAME                      TEXT_LENGTH                                                          
------------------------------ -----------                                                          
TEXT                                                                             TYPE_TEXT_LENGTH   
-------------------------------------------------------------------------------- ----------------   
TYPE_TEXT                                                                                           
----------------------------------------------------------------------------------------------------
OID_TEXT_LENGTH                                                                                     
---------------                                                                                     
OID_TEXT                                                                                            
----------------------------------------------------------------------------------------------------
VIEW_TYPE_OWNER                VIEW_TYPE                      SUPERVIEW_NAME                 E R    
------------------------------ ------------------------------ ------------------------------ - -    
                                                                                                    

VIEW_NAME                      TEXT_LENGTH                                                          
------------------------------ -----------                                                          
TEXT                                                                             TYPE_TEXT_LENGTH   
-------------------------------------------------------------------------------- ----------------   
TYPE_TEXT                                                                                           
----------------------------------------------------------------------------------------------------
OID_TEXT_LENGTH                                                                                     
---------------                                                                                     
OID_TEXT                                                                                            
----------------------------------------------------------------------------------------------------
VIEW_TYPE_OWNER                VIEW_TYPE                      SUPERVIEW_NAME                 E R    
------------------------------ ------------------------------ ------------------------------ - -    
                                                                                                    

VIEW_NAME                      TEXT_LENGTH                                                          
------------------------------ -----------                                                          
TEXT                                                                             TYPE_TEXT_LENGTH   
-------------------------------------------------------------------------------- ----------------   
TYPE_TEXT                                                                                           
----------------------------------------------------------------------------------------------------
OID_TEXT_LENGTH                                                                                     
---------------                                                                                     
OID_TEXT                                                                                            
----------------------------------------------------------------------------------------------------
VIEW_TYPE_OWNER                VIEW_TYPE                      SUPERVIEW_NAME                 E R    
------------------------------ ------------------------------ ------------------------------ - -    
                                                                                             N Y    

VIEW_NAME                      TEXT_LENGTH                                                          
------------------------------ -----------                                                          
TEXT                                                                             TYPE_TEXT_LENGTH   
-------------------------------------------------------------------------------- ----------------   
TYPE_TEXT                                                                                           
----------------------------------------------------------------------------------------------------
OID_TEXT_LENGTH                                                                                     
---------------                                                                                     
OID_TEXT                                                                                            
----------------------------------------------------------------------------------------------------
VIEW_TYPE_OWNER                VIEW_TYPE                      SUPERVIEW_NAME                 E R    
------------------------------ ------------------------------ ------------------------------ - -    
                                                                                                    

SQL> desc user_views;
 Name                                                  Null?    Type
 ----------------------------------------------------- -------- ------------------------------------
 VIEW_NAME                                             NOT NULL VARCHAR2(30)
 TEXT_LENGTH                                                    NUMBER
 TEXT                                                           LONG
 TYPE_TEXT_LENGTH                                               NUMBER
 TYPE_TEXT                                                      VARCHAR2(4000)
 OID_TEXT_LENGTH                                                NUMBER
 OID_TEXT                                                       VARCHAR2(4000)
 VIEW_TYPE_OWNER                                                VARCHAR2(30)
 VIEW_TYPE                                                      VARCHAR2(30)
 SUPERVIEW_NAME                                                 VARCHAR2(30)
 EDITIONING_VIEW                                                VARCHAR2(1)
 READ_ONLY                                                      VARCHAR2(1)

SQL> select view_name, read_only from user_views;

VIEW_NAME                      R                                                                    
------------------------------ -                                                                    
EMP_VIEW                       N                                                                    
EMP_VIEW_READONLY              Y                                                                    

SQL> quit
